// Jest Snapshot v1, https://goo.gl/fbAQLP

exports[`Profile Bar renders correctly 1`] = `
ShallowWrapper {
  "complexSelector": ComplexSelector {
    "buildPredicate": [Function],
    "childrenOfNode": [Function],
    "findWhereUnwrapped": [Function],
  },
  "length": 1,
  "node": <View
    style={
      Object {
        "backgroundColor": "#8BC34A",
        "borderColor": "#fff",
        "borderTopWidth": 4,
        "flexDirection": "row",
        "height": 133.4,
      }
    }
  >
    <View
      style={
        Array [
          Object {
            "alignItems": "center",
            "flex": 1,
            "padding": 18,
          },
          undefined,
        ]
      }
    >
      <Text
        accessible={true}
        allowFontScaling={true}
        disabled={false}
        ellipsizeMode="tail"
        style={
          Object {
            "color": "#fff",
            "fontSize": 16,
            "fontStyle": "italic",
            "fontWeight": "bold",
          }
        }
      >
        10
      </Text>
      <Text
        accessible={true}
        allowFontScaling={true}
        disabled={false}
        ellipsizeMode="tail"
        style={
          Object {
            "color": "#000",
            "fontSize": 14,
            "fontWeight": "bold",
          }
        }
      >
        Followers
      </Text>
    </View>
    <View
      style={
        Array [
          Object {
            "alignItems": "center",
            "flex": 1,
            "padding": 18,
          },
          undefined,
        ]
      }
    >
      <Text
        accessible={true}
        allowFontScaling={true}
        disabled={false}
        ellipsizeMode="tail"
        style={
          Object {
            "color": "#fff",
            "fontSize": 16,
            "fontStyle": "italic",
            "fontWeight": "bold",
          }
        }
      >
        10
      </Text>
      <Text
        accessible={true}
        allowFontScaling={true}
        disabled={false}
        ellipsizeMode="tail"
        style={
          Object {
            "color": "#000",
            "fontSize": 14,
            "fontWeight": "bold",
          }
        }
      >
        Following
      </Text>
    </View>
  </View>,
  "nodes": Array [
    <View
      style={
        Object {
          "backgroundColor": "#8BC34A",
          "borderColor": "#fff",
          "borderTopWidth": 4,
          "flexDirection": "row",
          "height": 133.4,
        }
      }
    >
      <View
        style={
          Array [
            Object {
              "alignItems": "center",
              "flex": 1,
              "padding": 18,
            },
            undefined,
          ]
        }
      >
        <Text
          accessible={true}
          allowFontScaling={true}
          disabled={false}
          ellipsizeMode="tail"
          style={
            Object {
              "color": "#fff",
              "fontSize": 16,
              "fontStyle": "italic",
              "fontWeight": "bold",
            }
          }
        >
          10
        </Text>
        <Text
          accessible={true}
          allowFontScaling={true}
          disabled={false}
          ellipsizeMode="tail"
          style={
            Object {
              "color": "#000",
              "fontSize": 14,
              "fontWeight": "bold",
            }
          }
        >
          Followers
        </Text>
      </View>
      <View
        style={
          Array [
            Object {
              "alignItems": "center",
              "flex": 1,
              "padding": 18,
            },
            undefined,
          ]
        }
      >
        <Text
          accessible={true}
          allowFontScaling={true}
          disabled={false}
          ellipsizeMode="tail"
          style={
            Object {
              "color": "#fff",
              "fontSize": 16,
              "fontStyle": "italic",
              "fontWeight": "bold",
            }
          }
        >
          10
        </Text>
        <Text
          accessible={true}
          allowFontScaling={true}
          disabled={false}
          ellipsizeMode="tail"
          style={
            Object {
              "color": "#000",
              "fontSize": 14,
              "fontWeight": "bold",
            }
          }
        >
          Following
        </Text>
      </View>
    </View>,
  ],
  "options": Object {},
  "renderer": ReactShallowRenderer {
    "_context": Object {},
    "_element": <Bar />,
    "_instance": Bar {
      "context": Object {},
      "props": Object {},
      "refs": Object {},
      "state": Object {},
      "updater": Updater {
        "_renderer": [Circular],
      },
    },
    "_newState": null,
    "_rendered": <View
      style={
        Object {
          "backgroundColor": "#8BC34A",
          "borderColor": "#fff",
          "borderTopWidth": 4,
          "flexDirection": "row",
          "height": 133.4,
        }
      }
    >
      <View
        style={
          Array [
            Object {
              "alignItems": "center",
              "flex": 1,
              "padding": 18,
            },
            undefined,
          ]
        }
      >
        <Text
          accessible={true}
          allowFontScaling={true}
          disabled={false}
          ellipsizeMode="tail"
          style={
            Object {
              "color": "#fff",
              "fontSize": 16,
              "fontStyle": "italic",
              "fontWeight": "bold",
            }
          }
        >
          10
        </Text>
        <Text
          accessible={true}
          allowFontScaling={true}
          disabled={false}
          ellipsizeMode="tail"
          style={
            Object {
              "color": "#000",
              "fontSize": 14,
              "fontWeight": "bold",
            }
          }
        >
          Followers
        </Text>
      </View>
      <View
        style={
          Array [
            Object {
              "alignItems": "center",
              "flex": 1,
              "padding": 18,
            },
            undefined,
          ]
        }
      >
        <Text
          accessible={true}
          allowFontScaling={true}
          disabled={false}
          ellipsizeMode="tail"
          style={
            Object {
              "color": "#fff",
              "fontSize": 16,
              "fontStyle": "italic",
              "fontWeight": "bold",
            }
          }
        >
          10
        </Text>
        <Text
          accessible={true}
          allowFontScaling={true}
          disabled={false}
          ellipsizeMode="tail"
          style={
            Object {
              "color": "#000",
              "fontSize": 14,
              "fontWeight": "bold",
            }
          }
        >
          Following
        </Text>
      </View>
    </View>,
    "_rendering": false,
    "_updater": Updater {
      "_renderer": [Circular],
    },
    "getRenderOutput": [Function],
    "render": [Function],
  },
  "root": [Circular],
  "unrendered": <Bar />,
}
`;
