// Jest Snapshot v1, https://goo.gl/fbAQLP

exports[`Profile Bar renders correctly 1`] = `
ShallowWrapper {
  "complexSelector": ComplexSelector {
    "buildPredicate": [Function],
    "childrenOfNode": [Function],
    "findWhereUnwrapped": [Function],
  },
  "length": 1,
  "node": <ScrollViewMock>
    <View>
      <View
        style={
          Object {
            "flex": 1,
            "flexDirection": "column",
            "flexWrap": "wrap",
          }
        }
      >
        <View
          style={
            Object {
              "flex": 1,
              "flexDirection": "row",
              "flexWrap": "wrap",
            }
          }
        >
          <View
            style={
              Object {
                "height": 150,
                "margin": 10,
                "width": 150,
              }
            }
          >
            <Image
              resizeMode="contain"
              source={1}
              style={
                Object {
                  "alignSelf": "stretch",
                  "flex": 1,
                  "height": 125,
                  "width": 125,
                }
              }
            />
          </View>
          <View
            style={
              Object {
                "alignItems": "center",
                "justifyContent": "center",
              }
            }
          >
            <Text
              accessible={true}
              allowFontScaling={true}
              disabled={false}
              ellipsizeMode="tail"
              style={
                Object {
                  "fontSize": 20,
                  "fontWeight": "bold",
                  "textAlignVertical": "center",
                }
              }
            >
              Average pace: 7.5 min/mile
            </Text>
          </View>
        </View>
      </View>
      <View
        style={
          Object {
            "flex": 1,
            "flexDirection": "column",
            "flexWrap": "wrap",
          }
        }
      >
        <View
          style={
            Object {
              "alignSelf": "center",
              "backgroundColor": "#000",
              "height": 1,
              "width": 725,
            }
          }
        />
      </View>
      <View
        style={
          Object {
            "flex": 1,
            "flexDirection": "column",
            "flexWrap": "wrap",
          }
        }
      >
        <View
          style={
            Object {
              "flex": 1,
              "flexDirection": "row",
              "flexWrap": "wrap",
            }
          }
        >
          <View
            style={
              Object {
                "height": 150,
                "margin": 10,
                "width": 150,
              }
            }
          >
            <Image
              resizeMode="stretch"
              source={1}
              style={
                Object {
                  "alignSelf": "stretch",
                  "flex": 1,
                  "height": 125,
                  "width": 125,
                }
              }
            />
          </View>
          <View
            style={
              Object {
                "alignItems": "center",
                "justifyContent": "center",
              }
            }
          >
            <Text
              accessible={true}
              allowFontScaling={true}
              disabled={false}
              ellipsizeMode="tail"
              style={
                Object {
                  "fontSize": 20,
                  "fontWeight": "bold",
                  "textAlignVertical": "center",
                }
              }
            >
              Total distance: 200 mi 
            </Text>
          </View>
        </View>
      </View>
      <View
        style={
          Object {
            "flex": 1,
            "flexDirection": "column",
            "flexWrap": "wrap",
          }
        }
      >
        <View
          style={
            Object {
              "alignSelf": "center",
              "backgroundColor": "#000",
              "height": 1,
              "width": 725,
            }
          }
        />
      </View>
      <View
        style={
          Object {
            "flex": 1,
            "flexDirection": "column",
            "flexWrap": "wrap",
          }
        }
      >
        <View
          style={
            Object {
              "flex": 1,
              "flexDirection": "row",
              "flexWrap": "wrap",
            }
          }
        >
          <View
            style={
              Object {
                "height": 150,
                "margin": 10,
                "width": 150,
              }
            }
          >
            <Image
              resizeMode="contain"
              source={1}
              style={
                Object {
                  "alignSelf": "stretch",
                  "flex": 1,
                  "height": 125,
                  "width": 125,
                }
              }
            />
          </View>
          <View
            style={
              Object {
                "alignItems": "center",
                "justifyContent": "center",
              }
            }
          >
            <Text
              accessible={true}
              allowFontScaling={true}
              disabled={false}
              ellipsizeMode="tail"
              style={
                Object {
                  "fontSize": 20,
                  "fontWeight": "bold",
                  "textAlignVertical": "center",
                }
              }
            >
              Ave. calories burned: 150 cals
            </Text>
          </View>
        </View>
      </View>
      <View
        style={
          Object {
            "flex": 1,
            "flexDirection": "column",
            "flexWrap": "wrap",
          }
        }
      >
        <View
          style={
            Object {
              "alignSelf": "center",
              "backgroundColor": "#000",
              "height": 1,
              "width": 725,
            }
          }
        />
      </View>
      <View
        style={
          Object {
            "flex": 1,
            "flexDirection": "column",
            "flexWrap": "wrap",
          }
        }
      >
        <View
          style={
            Object {
              "flex": 1,
              "flexDirection": "row",
              "flexWrap": "wrap",
            }
          }
        >
          <View
            style={
              Object {
                "height": 150,
                "margin": 10,
                "width": 150,
              }
            }
          >
            <Image
              resizeMode="contain"
              source={1}
              style={
                Object {
                  "alignSelf": "stretch",
                  "flex": 1,
                  "height": 125,
                  "width": 125,
                }
              }
            />
          </View>
          <View
            style={
              Object {
                "alignItems": "center",
                "justifyContent": "center",
              }
            }
          >
            <Text
              accessible={true}
              allowFontScaling={true}
              disabled={false}
              ellipsizeMode="tail"
              style={
                Object {
                  "fontSize": 20,
                  "fontWeight": "bold",
                  "textAlignVertical": "center",
                }
              }
            >
              Total time run: 200 hrs
            </Text>
          </View>
        </View>
      </View>
      <View
        style={
          Object {
            "flex": 1,
            "flexDirection": "column",
            "flexWrap": "wrap",
          }
        }
      >
        <View
          style={
            Object {
              "alignSelf": "center",
              "backgroundColor": "#000",
              "height": 1,
              "width": 725,
            }
          }
        />
      </View>
      <View
        style={
          Object {
            "flex": 1,
            "flexDirection": "column",
            "flexWrap": "wrap",
          }
        }
      >
        <View
          style={
            Object {
              "flex": 1,
              "flexDirection": "row",
              "flexWrap": "wrap",
            }
          }
        >
          <View
            style={
              Object {
                "height": 150,
                "margin": 10,
                "width": 150,
              }
            }
          >
            <Image
              resizeMode="contain"
              source={1}
              style={
                Object {
                  "alignSelf": "stretch",
                  "flex": 1,
                  "height": 125,
                  "width": 125,
                }
              }
            />
          </View>
          <View
            style={
              Object {
                "alignItems": "center",
                "justifyContent": "center",
              }
            }
          >
            <Text
              accessible={true}
              allowFontScaling={true}
              disabled={false}
              ellipsizeMode="tail"
              style={
                Object {
                  "fontSize": 20,
                  "fontWeight": "bold",
                  "textAlignVertical": "center",
                }
              }
            >
              Favorite route: State St.
            </Text>
          </View>
        </View>
      </View>
    </View>
  </ScrollViewMock>,
  "nodes": Array [
    <ScrollViewMock>
      <View>
        <View
          style={
            Object {
              "flex": 1,
              "flexDirection": "column",
              "flexWrap": "wrap",
            }
          }
        >
          <View
            style={
              Object {
                "flex": 1,
                "flexDirection": "row",
                "flexWrap": "wrap",
              }
            }
          >
            <View
              style={
                Object {
                  "height": 150,
                  "margin": 10,
                  "width": 150,
                }
              }
            >
              <Image
                resizeMode="contain"
                source={1}
                style={
                  Object {
                    "alignSelf": "stretch",
                    "flex": 1,
                    "height": 125,
                    "width": 125,
                  }
                }
              />
            </View>
            <View
              style={
                Object {
                  "alignItems": "center",
                  "justifyContent": "center",
                }
              }
            >
              <Text
                accessible={true}
                allowFontScaling={true}
                disabled={false}
                ellipsizeMode="tail"
                style={
                  Object {
                    "fontSize": 20,
                    "fontWeight": "bold",
                    "textAlignVertical": "center",
                  }
                }
              >
                Average pace: 7.5 min/mile
              </Text>
            </View>
          </View>
        </View>
        <View
          style={
            Object {
              "flex": 1,
              "flexDirection": "column",
              "flexWrap": "wrap",
            }
          }
        >
          <View
            style={
              Object {
                "alignSelf": "center",
                "backgroundColor": "#000",
                "height": 1,
                "width": 725,
              }
            }
          />
        </View>
        <View
          style={
            Object {
              "flex": 1,
              "flexDirection": "column",
              "flexWrap": "wrap",
            }
          }
        >
          <View
            style={
              Object {
                "flex": 1,
                "flexDirection": "row",
                "flexWrap": "wrap",
              }
            }
          >
            <View
              style={
                Object {
                  "height": 150,
                  "margin": 10,
                  "width": 150,
                }
              }
            >
              <Image
                resizeMode="stretch"
                source={1}
                style={
                  Object {
                    "alignSelf": "stretch",
                    "flex": 1,
                    "height": 125,
                    "width": 125,
                  }
                }
              />
            </View>
            <View
              style={
                Object {
                  "alignItems": "center",
                  "justifyContent": "center",
                }
              }
            >
              <Text
                accessible={true}
                allowFontScaling={true}
                disabled={false}
                ellipsizeMode="tail"
                style={
                  Object {
                    "fontSize": 20,
                    "fontWeight": "bold",
                    "textAlignVertical": "center",
                  }
                }
              >
                Total distance: 200 mi 
              </Text>
            </View>
          </View>
        </View>
        <View
          style={
            Object {
              "flex": 1,
              "flexDirection": "column",
              "flexWrap": "wrap",
            }
          }
        >
          <View
            style={
              Object {
                "alignSelf": "center",
                "backgroundColor": "#000",
                "height": 1,
                "width": 725,
              }
            }
          />
        </View>
        <View
          style={
            Object {
              "flex": 1,
              "flexDirection": "column",
              "flexWrap": "wrap",
            }
          }
        >
          <View
            style={
              Object {
                "flex": 1,
                "flexDirection": "row",
                "flexWrap": "wrap",
              }
            }
          >
            <View
              style={
                Object {
                  "height": 150,
                  "margin": 10,
                  "width": 150,
                }
              }
            >
              <Image
                resizeMode="contain"
                source={1}
                style={
                  Object {
                    "alignSelf": "stretch",
                    "flex": 1,
                    "height": 125,
                    "width": 125,
                  }
                }
              />
            </View>
            <View
              style={
                Object {
                  "alignItems": "center",
                  "justifyContent": "center",
                }
              }
            >
              <Text
                accessible={true}
                allowFontScaling={true}
                disabled={false}
                ellipsizeMode="tail"
                style={
                  Object {
                    "fontSize": 20,
                    "fontWeight": "bold",
                    "textAlignVertical": "center",
                  }
                }
              >
                Ave. calories burned: 150 cals
              </Text>
            </View>
          </View>
        </View>
        <View
          style={
            Object {
              "flex": 1,
              "flexDirection": "column",
              "flexWrap": "wrap",
            }
          }
        >
          <View
            style={
              Object {
                "alignSelf": "center",
                "backgroundColor": "#000",
                "height": 1,
                "width": 725,
              }
            }
          />
        </View>
        <View
          style={
            Object {
              "flex": 1,
              "flexDirection": "column",
              "flexWrap": "wrap",
            }
          }
        >
          <View
            style={
              Object {
                "flex": 1,
                "flexDirection": "row",
                "flexWrap": "wrap",
              }
            }
          >
            <View
              style={
                Object {
                  "height": 150,
                  "margin": 10,
                  "width": 150,
                }
              }
            >
              <Image
                resizeMode="contain"
                source={1}
                style={
                  Object {
                    "alignSelf": "stretch",
                    "flex": 1,
                    "height": 125,
                    "width": 125,
                  }
                }
              />
            </View>
            <View
              style={
                Object {
                  "alignItems": "center",
                  "justifyContent": "center",
                }
              }
            >
              <Text
                accessible={true}
                allowFontScaling={true}
                disabled={false}
                ellipsizeMode="tail"
                style={
                  Object {
                    "fontSize": 20,
                    "fontWeight": "bold",
                    "textAlignVertical": "center",
                  }
                }
              >
                Total time run: 200 hrs
              </Text>
            </View>
          </View>
        </View>
        <View
          style={
            Object {
              "flex": 1,
              "flexDirection": "column",
              "flexWrap": "wrap",
            }
          }
        >
          <View
            style={
              Object {
                "alignSelf": "center",
                "backgroundColor": "#000",
                "height": 1,
                "width": 725,
              }
            }
          />
        </View>
        <View
          style={
            Object {
              "flex": 1,
              "flexDirection": "column",
              "flexWrap": "wrap",
            }
          }
        >
          <View
            style={
              Object {
                "flex": 1,
                "flexDirection": "row",
                "flexWrap": "wrap",
              }
            }
          >
            <View
              style={
                Object {
                  "height": 150,
                  "margin": 10,
                  "width": 150,
                }
              }
            >
              <Image
                resizeMode="contain"
                source={1}
                style={
                  Object {
                    "alignSelf": "stretch",
                    "flex": 1,
                    "height": 125,
                    "width": 125,
                  }
                }
              />
            </View>
            <View
              style={
                Object {
                  "alignItems": "center",
                  "justifyContent": "center",
                }
              }
            >
              <Text
                accessible={true}
                allowFontScaling={true}
                disabled={false}
                ellipsizeMode="tail"
                style={
                  Object {
                    "fontSize": 20,
                    "fontWeight": "bold",
                    "textAlignVertical": "center",
                  }
                }
              >
                Favorite route: State St.
              </Text>
            </View>
          </View>
        </View>
      </View>
    </ScrollViewMock>,
  ],
  "options": Object {},
  "renderer": ReactShallowRenderer {
    "_context": Object {},
    "_element": <Stats />,
    "_instance": Stats {
      "context": Object {},
      "props": Object {},
      "refs": Object {},
      "state": Object {},
      "updater": Updater {
        "_renderer": [Circular],
      },
    },
    "_newState": null,
    "_rendered": <ScrollViewMock>
      <View>
        <View
          style={
            Object {
              "flex": 1,
              "flexDirection": "column",
              "flexWrap": "wrap",
            }
          }
        >
          <View
            style={
              Object {
                "flex": 1,
                "flexDirection": "row",
                "flexWrap": "wrap",
              }
            }
          >
            <View
              style={
                Object {
                  "height": 150,
                  "margin": 10,
                  "width": 150,
                }
              }
            >
              <Image
                resizeMode="contain"
                source={1}
                style={
                  Object {
                    "alignSelf": "stretch",
                    "flex": 1,
                    "height": 125,
                    "width": 125,
                  }
                }
              />
            </View>
            <View
              style={
                Object {
                  "alignItems": "center",
                  "justifyContent": "center",
                }
              }
            >
              <Text
                accessible={true}
                allowFontScaling={true}
                disabled={false}
                ellipsizeMode="tail"
                style={
                  Object {
                    "fontSize": 20,
                    "fontWeight": "bold",
                    "textAlignVertical": "center",
                  }
                }
              >
                Average pace: 7.5 min/mile
              </Text>
            </View>
          </View>
        </View>
        <View
          style={
            Object {
              "flex": 1,
              "flexDirection": "column",
              "flexWrap": "wrap",
            }
          }
        >
          <View
            style={
              Object {
                "alignSelf": "center",
                "backgroundColor": "#000",
                "height": 1,
                "width": 725,
              }
            }
          />
        </View>
        <View
          style={
            Object {
              "flex": 1,
              "flexDirection": "column",
              "flexWrap": "wrap",
            }
          }
        >
          <View
            style={
              Object {
                "flex": 1,
                "flexDirection": "row",
                "flexWrap": "wrap",
              }
            }
          >
            <View
              style={
                Object {
                  "height": 150,
                  "margin": 10,
                  "width": 150,
                }
              }
            >
              <Image
                resizeMode="stretch"
                source={1}
                style={
                  Object {
                    "alignSelf": "stretch",
                    "flex": 1,
                    "height": 125,
                    "width": 125,
                  }
                }
              />
            </View>
            <View
              style={
                Object {
                  "alignItems": "center",
                  "justifyContent": "center",
                }
              }
            >
              <Text
                accessible={true}
                allowFontScaling={true}
                disabled={false}
                ellipsizeMode="tail"
                style={
                  Object {
                    "fontSize": 20,
                    "fontWeight": "bold",
                    "textAlignVertical": "center",
                  }
                }
              >
                Total distance: 200 mi 
              </Text>
            </View>
          </View>
        </View>
        <View
          style={
            Object {
              "flex": 1,
              "flexDirection": "column",
              "flexWrap": "wrap",
            }
          }
        >
          <View
            style={
              Object {
                "alignSelf": "center",
                "backgroundColor": "#000",
                "height": 1,
                "width": 725,
              }
            }
          />
        </View>
        <View
          style={
            Object {
              "flex": 1,
              "flexDirection": "column",
              "flexWrap": "wrap",
            }
          }
        >
          <View
            style={
              Object {
                "flex": 1,
                "flexDirection": "row",
                "flexWrap": "wrap",
              }
            }
          >
            <View
              style={
                Object {
                  "height": 150,
                  "margin": 10,
                  "width": 150,
                }
              }
            >
              <Image
                resizeMode="contain"
                source={1}
                style={
                  Object {
                    "alignSelf": "stretch",
                    "flex": 1,
                    "height": 125,
                    "width": 125,
                  }
                }
              />
            </View>
            <View
              style={
                Object {
                  "alignItems": "center",
                  "justifyContent": "center",
                }
              }
            >
              <Text
                accessible={true}
                allowFontScaling={true}
                disabled={false}
                ellipsizeMode="tail"
                style={
                  Object {
                    "fontSize": 20,
                    "fontWeight": "bold",
                    "textAlignVertical": "center",
                  }
                }
              >
                Ave. calories burned: 150 cals
              </Text>
            </View>
          </View>
        </View>
        <View
          style={
            Object {
              "flex": 1,
              "flexDirection": "column",
              "flexWrap": "wrap",
            }
          }
        >
          <View
            style={
              Object {
                "alignSelf": "center",
                "backgroundColor": "#000",
                "height": 1,
                "width": 725,
              }
            }
          />
        </View>
        <View
          style={
            Object {
              "flex": 1,
              "flexDirection": "column",
              "flexWrap": "wrap",
            }
          }
        >
          <View
            style={
              Object {
                "flex": 1,
                "flexDirection": "row",
                "flexWrap": "wrap",
              }
            }
          >
            <View
              style={
                Object {
                  "height": 150,
                  "margin": 10,
                  "width": 150,
                }
              }
            >
              <Image
                resizeMode="contain"
                source={1}
                style={
                  Object {
                    "alignSelf": "stretch",
                    "flex": 1,
                    "height": 125,
                    "width": 125,
                  }
                }
              />
            </View>
            <View
              style={
                Object {
                  "alignItems": "center",
                  "justifyContent": "center",
                }
              }
            >
              <Text
                accessible={true}
                allowFontScaling={true}
                disabled={false}
                ellipsizeMode="tail"
                style={
                  Object {
                    "fontSize": 20,
                    "fontWeight": "bold",
                    "textAlignVertical": "center",
                  }
                }
              >
                Total time run: 200 hrs
              </Text>
            </View>
          </View>
        </View>
        <View
          style={
            Object {
              "flex": 1,
              "flexDirection": "column",
              "flexWrap": "wrap",
            }
          }
        >
          <View
            style={
              Object {
                "alignSelf": "center",
                "backgroundColor": "#000",
                "height": 1,
                "width": 725,
              }
            }
          />
        </View>
        <View
          style={
            Object {
              "flex": 1,
              "flexDirection": "column",
              "flexWrap": "wrap",
            }
          }
        >
          <View
            style={
              Object {
                "flex": 1,
                "flexDirection": "row",
                "flexWrap": "wrap",
              }
            }
          >
            <View
              style={
                Object {
                  "height": 150,
                  "margin": 10,
                  "width": 150,
                }
              }
            >
              <Image
                resizeMode="contain"
                source={1}
                style={
                  Object {
                    "alignSelf": "stretch",
                    "flex": 1,
                    "height": 125,
                    "width": 125,
                  }
                }
              />
            </View>
            <View
              style={
                Object {
                  "alignItems": "center",
                  "justifyContent": "center",
                }
              }
            >
              <Text
                accessible={true}
                allowFontScaling={true}
                disabled={false}
                ellipsizeMode="tail"
                style={
                  Object {
                    "fontSize": 20,
                    "fontWeight": "bold",
                    "textAlignVertical": "center",
                  }
                }
              >
                Favorite route: State St.
              </Text>
            </View>
          </View>
        </View>
      </View>
    </ScrollViewMock>,
    "_rendering": false,
    "_updater": Updater {
      "_renderer": [Circular],
    },
    "getRenderOutput": [Function],
    "render": [Function],
  },
  "root": [Circular],
  "unrendered": <Stats />,
}
`;
